
> wabmeta-backend@1.0.0 build
> npx prisma generate && tsc

Environment variables loaded from .env
Prisma schema loaded from prisma\schema.prisma

Γ£ö Generated Prisma Client (v5.22.0) to .\node_modules\@prisma\client in 291ms

Start by importing your Prisma Client (See: https://pris.ly/d/importing-client)

Tip: Need your database queries to be 1000x faster? Accelerate offers you that and more: https://pris.ly/tip-2-accelerate

node.exe : 'tsc' is not 
recognized as an internal or 
external command,
At line:1 char:1
+ & "C:\Program 
Files\nodejs/node.exe" 
"C:\Program 
Files\nodejs/node_mo ...
+ ~~~~~~~~~~~~~~~~~~~~~~~~~~~
~~~~~~~~~~~~~~~~~~~~~~~~~~~~~
~~~~~~~~~~~~~
    + CategoryInfo           
   : NotSpecified: ('tsc' i  
  s not re...ternal comman   
 d,:String) [], RemoteExc    
eption
    + FullyQualifiedErrorId  
   : NativeCommandError
 
operable program or batch 
file.
