src/modules/campaigns/campaigns.service.ts(261,7): error TS1005: ';' expected.
src/modules/campaigns/campaigns.service.ts(261,9): error TS1434: Unexpected keyword or identifier.
src/modules/campaigns/campaigns.service.ts(376,9): error TS1005: ',' expected.
src/modules/campaigns/campaigns.service.ts(376,17): error TS1005: ')' expected.
src/modules/campaigns/campaigns.service.ts(389,7): error TS1005: ';' expected.
src/modules/campaigns/campaigns.service.ts(389,9): error TS1434: Unexpected keyword or identifier.
src/modules/campaigns/campaigns.service.ts(392,4): error TS1068: Unexpected token. A constructor, method, accessor, or property was expected.
src/modules/campaigns/campaigns.service.ts(392,5): error TS1068: Unexpected token. A constructor, method, accessor, or property was expected.
src/modules/campaigns/campaigns.service.ts(392,7): error TS1068: Unexpected token. A constructor, method, accessor, or property was expected.
src/modules/campaigns/campaigns.service.ts(397,3): error TS1128: Declaration or statement expected.
src/modules/campaigns/campaigns.service.ts(402,3): error TS1434: Unexpected keyword or identifier.
src/modules/campaigns/campaigns.service.ts(402,31): error TS1005: ',' expected.
src/modules/campaigns/campaigns.service.ts(402,46): error TS1005: ',' expected.
src/modules/campaigns/campaigns.service.ts(402,68): error TS1005: ';' expected.
src/modules/campaigns/campaigns.service.ts(403,9): error TS1005: ':' expected.
src/modules/campaigns/campaigns.service.ts(410,12): error TS1005: ',' expected.
src/modules/campaigns/campaigns.service.ts(412,9): error TS1005: ':' expected.
src/modules/campaigns/campaigns.service.ts(412,34): error TS1005: ',' expected.
src/modules/campaigns/campaigns.service.ts(414,9): error TS1005: ':' expected.
src/modules/campaigns/campaigns.service.ts(414,14): error TS1005: ',' expected.
src/modules/campaigns/campaigns.service.ts(414,22): error TS1005: ',' expected.
src/modules/campaigns/campaigns.service.ts(416,4): error TS1005: ',' expected.
src/modules/campaigns/campaigns.service.ts(425,5): error TS1005: ',' expected.
src/modules/campaigns/campaigns.service.ts(429,5): error TS1005: ',' expected.
src/modules/campaigns/campaigns.service.ts(429,11): error TS1005: ':' expected.
src/modules/campaigns/campaigns.service.ts(442,5): error TS1005: ',' expected.
src/modules/campaigns/campaigns.service.ts(444,10): error TS1005: ':' expected.
src/modules/campaigns/campaigns.service.ts(452,4): error TS1005: ',' expected.
src/modules/campaigns/campaigns.service.ts(458,3): error TS1434: Unexpected keyword or identifier.
src/modules/campaigns/campaigns.service.ts(458,31): error TS1005: ',' expected.
src/modules/campaigns/campaigns.service.ts(458,51): error TS1005: ',' expected.
src/modules/campaigns/campaigns.service.ts(458,60): error TS1005: ';' expected.
src/modules/campaigns/campaigns.service.ts(459,9): error TS1005: ':' expected.
src/modules/campaigns/campaigns.service.ts(488,13): error TS1005: ')' expected.
src/modules/campaigns/campaigns.service.ts(490,6): error TS1003: Identifier expected.
src/modules/campaigns/campaigns.service.ts(494,5): error TS1005: ',' expected.
src/modules/campaigns/campaigns.service.ts(494,12): error TS1005: ':' expected.
src/modules/campaigns/campaigns.service.ts(499,4): error TS1005: ',' expected.
src/modules/campaigns/campaigns.service.ts(505,3): error TS1434: Unexpected keyword or identifier.
src/modules/campaigns/campaigns.service.ts(506,17): error TS1005: ',' expected.
src/modules/campaigns/campaigns.service.ts(507,13): error TS1005: ',' expected.
src/modules/campaigns/campaigns.service.ts(508,8): error TS1005: ',' expected.
src/modules/campaigns/campaigns.service.ts(509,2): error TS1005: ';' expected.
src/modules/campaigns/campaigns.service.ts(510,9): error TS1005: ':' expected.
src/modules/campaigns/campaigns.service.ts(515,13): error TS1005: ')' expected.
src/modules/campaigns/campaigns.service.ts(517,6): error TS1003: Identifier expected.
src/modules/campaigns/campaigns.service.ts(521,5): error TS1005: ',' expected.
src/modules/campaigns/campaigns.service.ts(521,9): error TS1181: Array element destructuring pattern expected.
src/modules/campaigns/campaigns.service.ts(521,18): error TS1138: Parameter declaration expected.
src/modules/campaigns/campaigns.service.ts(521,20): error TS1003: Identifier expected.
src/modules/campaigns/campaigns.service.ts(521,31): error TS1005: ')' expected.
src/modules/campaigns/campaigns.service.ts(521,32): error TS1003: Identifier expected.
src/modules/campaigns/campaigns.service.ts(521,58): error TS1005: ',' expected.
src/modules/campaigns/campaigns.service.ts(521,60): error TS1136: Property assignment expected.
src/modules/campaigns/campaigns.service.ts(557,3): error TS1128: Declaration or statement expected.
src/modules/campaigns/campaigns.service.ts(562,3): error TS1434: Unexpected keyword or identifier.
src/modules/campaigns/campaigns.service.ts(562,31): error TS1005: ')' expected.
src/modules/campaigns/campaigns.service.ts(562,51): error TS1005: ';' expected.
src/modules/campaigns/campaigns.service.ts(562,53): error TS1434: Unexpected keyword or identifier.
src/modules/campaigns/campaigns.service.ts(562,59): error TS1128: Declaration or statement expected.
src/modules/campaigns/campaigns.service.ts(562,60): error TS1128: Declaration or statement expected.
src/modules/campaigns/campaigns.service.ts(563,9): error TS1005: ':' expected.
src/modules/campaigns/campaigns.service.ts(568,13): error TS1005: ')' expected.
src/modules/campaigns/campaigns.service.ts(570,6): error TS1003: Identifier expected.
src/modules/campaigns/campaigns.service.ts(574,5): error TS1005: ',' expected.
src/modules/campaigns/campaigns.service.ts(574,16): error TS1005: ',' expected.
src/modules/campaigns/campaigns.service.ts(574,37): error TS1005: ',' expected.
src/modules/campaigns/campaigns.service.ts(574,39): error TS1136: Property assignment expected.
src/modules/campaigns/campaigns.service.ts(585,3): error TS1128: Declaration or statement expected.
src/modules/campaigns/campaigns.service.ts(590,3): error TS1434: Unexpected keyword or identifier.
src/modules/campaigns/campaigns.service.ts(590,29): error TS1005: ',' expected.
src/modules/campaigns/campaigns.service.ts(590,49): error TS1005: ',' expected.
src/modules/campaigns/campaigns.service.ts(590,58): error TS1005: ';' expected.
src/modules/campaigns/campaigns.service.ts(591,9): error TS1005: ':' expected.
src/modules/campaigns/campaigns.service.ts(594,13): error TS1005: ')' expected.
src/modules/campaigns/campaigns.service.ts(596,6): error TS1003: Identifier expected.
src/modules/campaigns/campaigns.service.ts(600,5): error TS1005: ',' expected.
src/modules/campaigns/campaigns.service.ts(600,8): error TS1003: Identifier expected.
src/modules/campaigns/campaigns.service.ts(600,10): error TS1181: Array element destructuring pattern expected.
src/modules/campaigns/campaigns.service.ts(600,17): error TS1138: Parameter declaration expected.
src/modules/campaigns/campaigns.service.ts(600,19): error TS1003: Identifier expected.
src/modules/campaigns/campaigns.service.ts(600,30): error TS1138: Parameter declaration expected.
src/modules/campaigns/campaigns.service.ts(600,32): error TS1003: Identifier expected.
src/modules/campaigns/campaigns.service.ts(600,40): error TS1005: ')' expected.
src/modules/campaigns/campaigns.service.ts(600,41): error TS1003: Identifier expected.
src/modules/campaigns/campaigns.service.ts(600,67): error TS1005: ',' expected.
src/modules/campaigns/campaigns.service.ts(600,69): error TS1136: Property assignment expected.
src/modules/campaigns/campaigns.service.ts(661,3): error TS1005: ';' expected.
src/modules/campaigns/campaigns.service.ts(661,5): error TS1434: Unexpected keyword or identifier.
src/modules/campaigns/campaigns.service.ts(664,3): error TS1128: Declaration or statement expected.
src/modules/campaigns/campaigns.service.ts(669,3): error TS1434: Unexpected keyword or identifier.
src/modules/campaigns/campaigns.service.ts(669,29): error TS1005: ',' expected.
src/modules/campaigns/campaigns.service.ts(669,49): error TS1005: ',' expected.
src/modules/campaigns/campaigns.service.ts(669,58): error TS1005: ';' expected.
src/modules/campaigns/campaigns.service.ts(670,9): error TS1005: ':' expected.
src/modules/campaigns/campaigns.service.ts(675,13): error TS1005: ')' expected.
src/modules/campaigns/campaigns.service.ts(677,6): error TS1003: Identifier expected.
src/modules/campaigns/campaigns.service.ts(681,5): error TS1005: ',' expected.
src/modules/campaigns/campaigns.service.ts(681,16): error TS1005: ',' expected.
src/modules/campaigns/campaigns.service.ts(681,37): error TS1005: ',' expected.
src/modules/campaigns/campaigns.service.ts(681,39): error TS1136: Property assignment expected.
src/modules/campaigns/campaigns.service.ts(698,3): error TS1128: Declaration or statement expected.
src/modules/campaigns/campaigns.service.ts(703,3): error TS1434: Unexpected keyword or identifier.
src/modules/campaigns/campaigns.service.ts(703,30): error TS1005: ',' expected.
src/modules/campaigns/campaigns.service.ts(703,50): error TS1005: ',' expected.
src/modules/campaigns/campaigns.service.ts(703,59): error TS1005: ';' expected.
src/modules/campaigns/campaigns.service.ts(704,9): error TS1005: ':' expected.
src/modules/campaigns/campaigns.service.ts(709,13): error TS1005: ')' expected.
src/modules/campaigns/campaigns.service.ts(711,6): error TS1003: Identifier expected.
src/modules/campaigns/campaigns.service.ts(715,5): error TS1005: ',' expected.
src/modules/campaigns/campaigns.service.ts(715,16): error TS1005: ',' expected.
src/modules/campaigns/campaigns.service.ts(715,36): error TS1005: ',' expected.
src/modules/campaigns/campaigns.service.ts(715,38): error TS1136: Property assignment expected.
src/modules/campaigns/campaigns.service.ts(746,3): error TS1005: ';' expected.
src/modules/campaigns/campaigns.service.ts(746,5): error TS1434: Unexpected keyword or identifier.
src/modules/campaigns/campaigns.service.ts(749,3): error TS1128: Declaration or statement expected.
src/modules/campaigns/campaigns.service.ts(754,3): error TS1434: Unexpected keyword or identifier.
src/modules/campaigns/campaigns.service.ts(754,30): error TS1005: ',' expected.
src/modules/campaigns/campaigns.service.ts(754,50): error TS1005: ',' expected.
src/modules/campaigns/campaigns.service.ts(754,59): error TS1005: ';' expected.
src/modules/campaigns/campaigns.service.ts(755,9): error TS1005: ':' expected.
src/modules/campaigns/campaigns.service.ts(760,13): error TS1005: ')' expected.
src/modules/campaigns/campaigns.service.ts(762,6): error TS1003: Identifier expected.
src/modules/campaigns/campaigns.service.ts(766,5): error TS1005: ',' expected.
src/modules/campaigns/campaigns.service.ts(766,9): error TS1181: Array element destructuring pattern expected.
src/modules/campaigns/campaigns.service.ts(766,20): error TS1138: Parameter declaration expected.
src/modules/campaigns/campaigns.service.ts(766,22): error TS1003: Identifier expected.
src/modules/campaigns/campaigns.service.ts(766,30): error TS1005: ')' expected.
src/modules/campaigns/campaigns.service.ts(766,31): error TS1003: Identifier expected.
src/modules/campaigns/campaigns.service.ts(766,57): error TS1005: ',' expected.
src/modules/campaigns/campaigns.service.ts(766,59): error TS1136: Property assignment expected.
src/modules/campaigns/campaigns.service.ts(786,3): error TS1128: Declaration or statement expected.
src/modules/campaigns/campaigns.service.ts(791,3): error TS1434: Unexpected keyword or identifier.
src/modules/campaigns/campaigns.service.ts(792,17): error TS1005: ',' expected.
src/modules/campaigns/campaigns.service.ts(793,13): error TS1005: ',' expected.
src/modules/campaigns/campaigns.service.ts(794,8): error TS1005: ',' expected.
src/modules/campaigns/campaigns.service.ts(795,2): error TS1005: ';' expected.
src/modules/campaigns/campaigns.service.ts(795,50): error TS1011: An element access expression should take an argument.
src/modules/campaigns/campaigns.service.ts(795,51): error TS1005: ',' expected.
src/modules/campaigns/campaigns.service.ts(796,9): error TS1005: ':' expected.
src/modules/campaigns/campaigns.service.ts(796,49): error TS1005: ',' expected.
src/modules/campaigns/campaigns.service.ts(797,9): error TS1005: ':' expected.
src/modules/campaigns/campaigns.service.ts(797,34): error TS1005: ',' expected.
src/modules/campaigns/campaigns.service.ts(799,9): error TS1005: ':' expected.
src/modules/campaigns/campaigns.service.ts(804,13): error TS1005: ')' expected.
src/modules/campaigns/campaigns.service.ts(806,6): error TS1003: Identifier expected.
src/modules/campaigns/campaigns.service.ts(810,5): error TS1005: ',' expected.
src/modules/campaigns/campaigns.service.ts(810,11): error TS1005: ':' expected.
src/modules/campaigns/campaigns.service.ts(810,16): error TS1005: ',' expected.
src/modules/campaigns/campaigns.service.ts(810,24): error TS1005: ',' expected.
src/modules/campaigns/campaigns.service.ts(812,4): error TS1005: ',' expected.
src/modules/campaigns/campaigns.service.ts(818,5): error TS1005: ',' expected.
src/modules/campaigns/campaigns.service.ts(818,11): error TS1005: ':' expected.
src/modules/campaigns/campaigns.service.ts(835,5): error TS1005: ',' expected.
src/modules/campaigns/campaigns.service.ts(837,10): error TS1005: ':' expected.
src/modules/campaigns/campaigns.service.ts(845,4): error TS1005: ',' expected.
src/modules/campaigns/campaigns.service.ts(851,3): error TS1434: Unexpected keyword or identifier.
src/modules/campaigns/campaigns.service.ts(852,17): error TS1005: ',' expected.
src/modules/campaigns/campaigns.service.ts(853,13): error TS1005: ',' expected.
src/modules/campaigns/campaigns.service.ts(854,14): error TS1005: ',' expected.
src/modules/campaigns/campaigns.service.ts(855,15): error TS1005: ',' expected.
src/modules/campaigns/campaigns.service.ts(856,2): error TS1005: ';' expected.
src/modules/campaigns/campaigns.service.ts(856,31): error TS1005: ',' expected.
src/modules/campaigns/campaigns.service.ts(857,9): error TS1005: ':' expected.
src/modules/campaigns/campaigns.service.ts(862,13): error TS1005: ')' expected.
src/modules/campaigns/campaigns.service.ts(864,6): error TS1003: Identifier expected.
src/modules/campaigns/campaigns.service.ts(869,5): error TS1005: ',' expected.
src/modules/campaigns/campaigns.service.ts(869,11): error TS1005: ':' expected.
src/modules/campaigns/campaigns.service.ts(871,4): error TS1005: ',' expected.
src/modules/campaigns/campaigns.service.ts(873,6): error TS1003: Identifier expected.
src/modules/campaigns/campaigns.service.ts(873,19): error TS1005: ',' expected.
src/modules/campaigns/campaigns.service.ts(873,64): error TS1005: ';' expected.
src/modules/campaigns/campaigns.service.ts(910,5): error TS1005: ';' expected.
src/modules/campaigns/campaigns.service.ts(910,7): error TS1434: Unexpected keyword or identifier.
src/modules/campaigns/campaigns.service.ts(919,3): error TS1128: Declaration or statement expected.
src/modules/campaigns/campaigns.service.ts(924,3): error TS1434: Unexpected keyword or identifier.
src/modules/campaigns/campaigns.service.ts(925,17): error TS1005: ',' expected.
src/modules/campaigns/campaigns.service.ts(926,13): error TS1005: ',' expected.
src/modules/campaigns/campaigns.service.ts(927,10): error TS1005: ',' expected.
src/modules/campaigns/campaigns.service.ts(928,2): error TS1005: ';' expected.
src/modules/campaigns/campaigns.service.ts(929,9): error TS1005: ':' expected.
src/modules/campaigns/campaigns.service.ts(934,13): error TS1005: ',' expected.
src/modules/campaigns/campaigns.service.ts(936,6): error TS1003: Identifier expected.
src/modules/campaigns/campaigns.service.ts(940,5): error TS1005: ',' expected.
src/modules/campaigns/campaigns.service.ts(940,11): error TS1005: ':' expected.
src/modules/campaigns/campaigns.service.ts(943,13): error TS1005: ',' expected.
src/modules/campaigns/campaigns.service.ts(945,9): error TS1005: ':' expected.
src/modules/campaigns/campaigns.service.ts(965,7): error TS1005: ',' expected.
src/modules/campaigns/campaigns.service.ts(965,15): error TS1005: ')' expected.
src/modules/campaigns/campaigns.service.ts(967,22): error TS1005: ',' expected.
src/modules/campaigns/campaigns.service.ts(967,33): error TS1005: ',' expected.
src/modules/campaigns/campaigns.service.ts(967,35): error TS1136: Property assignment expected.
src/modules/campaigns/campaigns.service.ts(977,5): error TS1005: ';' expected.
src/modules/campaigns/campaigns.service.ts(977,7): error TS1434: Unexpected keyword or identifier.
src/modules/campaigns/campaigns.service.ts(981,5): error TS1128: Declaration or statement expected.
src/modules/campaigns/campaigns.service.ts(981,6): error TS1128: Declaration or statement expected.
src/modules/campaigns/campaigns.service.ts(981,7): error TS1128: Declaration or statement expected.
src/modules/campaigns/campaigns.service.ts(981,9): error TS1434: Unexpected keyword or identifier.
src/modules/campaigns/campaigns.service.ts(986,3): error TS1128: Declaration or statement expected.
src/modules/campaigns/campaigns.service.ts(991,3): error TS1128: Declaration or statement expected.
src/modules/campaigns/campaigns.service.ts(991,11): error TS1434: Unexpected keyword or identifier.
src/modules/campaigns/campaigns.service.ts(991,54): error TS1005: ',' expected.
src/modules/campaigns/campaigns.service.ts(991,74): error TS1005: ',' expected.
src/modules/campaigns/campaigns.service.ts(991,83): error TS1005: ';' expected.
src/modules/campaigns/campaigns.service.ts(991,99): error TS1109: Expression expected.
src/modules/campaigns/campaigns.service.ts(992,10): error TS1005: ',' expected.
src/modules/campaigns/campaigns.service.ts(992,70): error TS1005: ',' expected.
src/modules/campaigns/campaigns.service.ts(994,9): error TS1005: ':' expected.
src/modules/campaigns/campaigns.service.ts(997,13): error TS1005: ')' expected.
src/modules/campaigns/campaigns.service.ts(999,6): error TS1003: Identifier expected.
src/modules/campaigns/campaigns.service.ts(1004,5): error TS1005: ',' expected.
src/modules/campaigns/campaigns.service.ts(1004,16): error TS1005: ',' expected.
src/modules/campaigns/campaigns.service.ts(1004,37): error TS1005: ',' expected.
src/modules/campaigns/campaigns.service.ts(1004,39): error TS1136: Property assignment expected.
src/modules/campaigns/campaigns.service.ts(1139,9): error TS1005: ',' expected.
src/modules/campaigns/campaigns.service.ts(1139,14): error TS1005: ',' expected.
src/modules/campaigns/campaigns.service.ts(1228,3): error TS1128: Declaration or statement expected.
src/modules/campaigns/campaigns.service.ts(1233,3): error TS1434: Unexpected keyword or identifier.
src/modules/campaigns/campaigns.service.ts(1233,32): error TS1005: ',' expected.
src/modules/campaigns/campaigns.service.ts(1233,41): error TS1005: ';' expected.
src/modules/campaigns/campaigns.service.ts(1234,7): error TS1005: ':' expected.
src/modules/campaigns/campaigns.service.ts(1235,11): error TS1005: ':' expected.
src/modules/campaigns/campaigns.service.ts(1245,15): error TS1005: ',' expected.
src/modules/campaigns/campaigns.service.ts(1247,11): error TS1005: ':' expected.
src/modules/campaigns/campaigns.service.ts(1251,15): error TS1005: ',' expected.
src/modules/campaigns/campaigns.service.ts(1253,11): error TS1005: ':' expected.
src/modules/campaigns/campaigns.service.ts(1253,39): error TS1005: ',' expected.
src/modules/campaigns/campaigns.service.ts(1254,11): error TS1005: ':' expected.
src/modules/campaigns/campaigns.service.ts(1254,48): error TS1005: ',' expected.
src/modules/campaigns/campaigns.service.ts(1255,11): error TS1005: ':' expected.
src/modules/campaigns/campaigns.service.ts(1255,58): error TS1005: ',' expected.
src/modules/campaigns/campaigns.service.ts(1256,11): error TS1005: ':' expected.
src/modules/campaigns/campaigns.service.ts(1256,48): error TS1005: ',' expected.
src/modules/campaigns/campaigns.service.ts(1258,11): error TS1005: ':' expected.
src/modules/campaigns/campaigns.service.ts(1259,63): error TS1005: ',' expected.
src/modules/campaigns/campaigns.service.ts(1261,11): error TS1005: ':' expected.
src/modules/campaigns/campaigns.service.ts(1263,10): error TS1005: ',' expected.
src/modules/campaigns/campaigns.service.ts(1265,11): error TS1005: ':' expected.
src/modules/campaigns/campaigns.service.ts(1267,10): error TS1005: ',' expected.
src/modules/campaigns/campaigns.service.ts(1269,12): error TS1005: ':' expected.
src/modules/campaigns/campaigns.service.ts(1282,6): error TS1005: ',' expected.
src/modules/campaigns/campaigns.service.ts(1283,5): error TS1005: ',' expected.
src/modules/campaigns/campaigns.service.ts(1308,3): error TS1434: Unexpected keyword or identifier.
src/modules/campaigns/campaigns.service.ts(1308,36): error TS1005: ',' expected.
src/modules/campaigns/campaigns.service.ts(1308,56): error TS1005: ',' expected.
src/modules/campaigns/campaigns.service.ts(1308,65): error TS1005: ';' expected.
src/modules/campaigns/campaigns.service.ts(1309,9): error TS1005: ':' expected.
src/modules/campaigns/campaigns.service.ts(1314,13): error TS1005: ')' expected.
src/modules/campaigns/campaigns.service.ts(1316,6): error TS1003: Identifier expected.
src/modules/campaigns/campaigns.service.ts(1320,5): error TS1005: ',' expected.
src/modules/campaigns/campaigns.service.ts(1320,11): error TS1005: ':' expected.
src/modules/campaigns/campaigns.service.ts(1324,13): error TS1005: ',' expected.
src/modules/campaigns/campaigns.service.ts(1326,9): error TS1005: ':' expected.
src/modules/campaigns/campaigns.service.ts(1326,52): error TS1005: ',' expected.
src/modules/campaigns/campaigns.service.ts(1327,9): error TS1005: ':' expected.
src/modules/campaigns/campaigns.service.ts(1331,6): error TS1005: ',' expected.
src/modules/campaigns/campaigns.service.ts(1333,10): error TS1005: ':' expected.
src/modules/campaigns/campaigns.service.ts(1336,4): error TS1005: ',' expected.
src/modules/campaigns/campaigns.service.ts(1342,3): error TS1434: Unexpected keyword or identifier.
src/modules/campaigns/campaigns.service.ts(1343,13): error TS1005: ',' expected.
src/modules/campaigns/campaigns.service.ts(1344,12): error TS1005: ',' expected.
src/modules/campaigns/campaigns.service.ts(1345,9): error TS1005: ',' expected.
src/modules/campaigns/campaigns.service.ts(1346,16): error TS1109: Expression expected.
src/modules/campaigns/campaigns.service.ts(1347,18): error TS1109: Expression expected.
src/modules/campaigns/campaigns.service.ts(1348,2): error TS1005: ';' expected.
src/modules/campaigns/campaigns.service.ts(1348,18): error TS1109: Expression expected.
src/modules/campaigns/campaigns.service.ts(1349,9): error TS1005: ':' expected.
src/modules/campaigns/campaigns.service.ts(1349,25): error TS1005: ',' expected.
src/modules/campaigns/campaigns.service.ts(1351,9): error TS1005: ':' expected.
src/modules/campaigns/campaigns.service.ts(1351,19): error TS1005: ',' expected.
src/modules/campaigns/campaigns.service.ts(1351,27): error TS1005: ',' expected.
src/modules/campaigns/campaigns.service.ts(1354,4): error TS1005: ',' expected.
src/modules/campaigns/campaigns.service.ts(1357,7): error TS1128: Declaration or statement expected.
src/modules/campaigns/campaigns.service.ts(1357,12): error TS1005: ':' expected.
src/modules/campaigns/campaigns.service.ts(1357,18): error TS1005: ',' expected.
src/modules/campaigns/campaigns.service.ts(1358,13): error TS1005: ',' expected.
src/modules/campaigns/campaigns.service.ts(1358,26): error TS1005: ',' expected.
src/modules/campaigns/campaigns.service.ts(1359,8): error TS1005: ':' expected.
src/modules/campaigns/campaigns.service.ts(1360,8): error TS1005: ':' expected.
src/modules/campaigns/campaigns.service.ts(1360,19): error TS1005: ',' expected.
src/modules/campaigns/campaigns.service.ts(1361,13): error TS1005: ',' expected.
src/modules/campaigns/campaigns.service.ts(1361,31): error TS1005: ',' expected.
src/modules/campaigns/campaigns.service.ts(1362,8): error TS1005: ':' expected.
src/modules/campaigns/campaigns.service.ts(1363,8): error TS1005: ':' expected.
src/modules/campaigns/campaigns.service.ts(1363,14): error TS1005: ',' expected.
src/modules/campaigns/campaigns.service.ts(1364,13): error TS1005: ',' expected.
src/modules/campaigns/campaigns.service.ts(1364,26): error TS1005: ',' expected.
src/modules/campaigns/campaigns.service.ts(1365,8): error TS1005: ':' expected.
src/modules/campaigns/campaigns.service.ts(1366,8): error TS1005: ':' expected.
src/modules/campaigns/campaigns.service.ts(1366,16): error TS1005: ',' expected.
src/modules/campaigns/campaigns.service.ts(1367,13): error TS1005: ',' expected.
src/modules/campaigns/campaigns.service.ts(1367,28): error TS1005: ',' expected.
src/modules/campaigns/campaigns.service.ts(1368,13): error TS1005: ',' expected.
src/modules/campaigns/campaigns.service.ts(1368,43): error TS1005: ',' expected.
src/modules/campaigns/campaigns.service.ts(1369,8): error TS1005: ':' expected.
src/modules/campaigns/campaigns.service.ts(1390,3): error TS1128: Declaration or statement expected.
src/modules/campaigns/campaigns.service.ts(1395,3): error TS1434: Unexpected keyword or identifier.
src/modules/campaigns/campaigns.service.ts(1395,36): error TS1005: ',' expected.
src/modules/campaigns/campaigns.service.ts(1395,45): error TS1005: ';' expected.
src/modules/campaigns/campaigns.service.ts(1395,61): error TS1109: Expression expected.
src/modules/campaigns/campaigns.service.ts(1396,9): error TS1005: ':' expected.
src/modules/campaigns/campaigns.service.ts(1398,13): error TS1005: ')' expected.
src/modules/campaigns/campaigns.service.ts(1400,6): error TS1003: Identifier expected.
src/modules/campaigns/campaigns.service.ts(1400,16): error TS1005: ',' expected.
src/modules/campaigns/campaigns.service.ts(1400,48): error TS1005: ';' expected.
src/modules/campaigns/campaigns.service.ts(1420,3): error TS1128: Declaration or statement expected.
src/modules/campaigns/campaigns.service.ts(1421,1): error TS1128: Declaration or statement expected.
