src/modules/billing/billing.controller.ts(219,55): error TS2345: Argument of type 'string | string[]' is not assignable to parameter of type 'string'.
  Type 'string[]' is not assignable to type 'string'.
src/modules/billing/billing.controller.ts(239,65): error TS2345: Argument of type 'string | string[]' is not assignable to parameter of type 'string'.
  Type 'string[]' is not assignable to type 'string'.
src/modules/billing/billing.routes.ts(5,10): error TS2305: Module '"../../middleware/auth"' has no exported member 'authMiddleware'.
